>; normal
#^^^^^^^^ source.ahk meta.comment.line.semicolon.ahk comment.line.semicolon.ahk
>
>(:: foo("case (")
#^ source.ahk meta.hotkey.line.ahk string.2.storage.modifier.hotkey.ahk
# ^^ source.ahk meta.hotkey.line.ahk
#   ^ source.ahk
#    ^^^ source.ahk entity.name.function.ahk
#       ^ source.ahk punctuation.bracket.ahk
#        ^ source.ahk string.quoted.double.ahk punctuation.definition.string.begin.ahk
#         ^^^^^^ source.ahk string.quoted.double.ahk
#               ^ source.ahk string.quoted.double.ahk punctuation.definition.string.end.ahk
#                ^ source.ahk punctuation.bracket.ahk
>~[:: foo("case [")
#^ source.ahk meta.hotkey.line.ahk storage.modifier.hotkey.ahk
# ^ source.ahk meta.hotkey.line.ahk string.2.storage.modifier.hotkey.ahk
#  ^^ source.ahk meta.hotkey.line.ahk
#    ^ source.ahk
#     ^^^ source.ahk entity.name.function.ahk
#        ^ source.ahk punctuation.bracket.ahk
#         ^ source.ahk string.quoted.double.ahk punctuation.definition.string.begin.ahk
#          ^^^^^^ source.ahk string.quoted.double.ahk
#                ^ source.ahk string.quoted.double.ahk punctuation.definition.string.end.ahk
#                 ^ source.ahk punctuation.bracket.ahk
>;^Avoid vscode automatic bracket matching, here if it is Str
#^^^^^^^^^^^^^^^^^^^^^^^^^^^^^^^^^^^^^^^^^^^^^^^^^^^^^^^^^^^^ source.ahk meta.comment.line.semicolon.ahk comment.line.semicolon.ahk
>
>~F12::Reload
#^ source.ahk meta.hotkey.line.ahk storage.modifier.hotkey.ahk
# ^^^ source.ahk meta.hotkey.line.ahk string.2.storage.modifier.hotkey.ahk markup.bold.hotkey.ahk
#    ^^ source.ahk meta.hotkey.line.ahk
#      ^^^^^^ source.ahk keyword.control.flow.ahk
>
>foo(case) {
#^^^ source.ahk entity.name.function.ahk
#   ^ source.ahk punctuation.bracket.ahk
#    ^^^^ source.ahk keyword.control.flow.ahk
#        ^ source.ahk punctuation.bracket.ahk
#         ^ source.ahk
#          ^ source.ahk punctuation.bracket.ahk
>    MsgBox, % "i am foo, and use at " . case
#^^^^ source.ahk
#    ^^^^^^ source.ahk meta.command.line.ahk support.function.ahk
#          ^ source.ahk meta.command.line.ahk punctuation.ahk
#           ^ source.ahk meta.command.line.ahk
#            ^ source.ahk meta.command.line.ahk punctuation.definition.variable.percent.ahk
#             ^ source.ahk meta.command.line.ahk
#              ^ source.ahk meta.command.line.ahk string.quoted.double.ahk punctuation.definition.string.begin.ahk
#               ^^^^^^^^^^^^^^^^^^^^^ source.ahk meta.command.line.ahk string.quoted.double.ahk
#                                    ^ source.ahk meta.command.line.ahk string.quoted.double.ahk punctuation.definition.string.end.ahk
#                                     ^^^^^^^ source.ahk meta.command.line.ahk
>}
#^ source.ahk punctuation.bracket.ahk
>