>; normal
#^ source.ahk comment.line.semicolon.ahk punctuation.definition.comment.ahk
# ^^^^^^^ source.ahk comment.line.semicolon.ahk
>::ts,,::TypeScript
#^^ source.ahk string.hotstring.ahk keyword.operator.ahk
#  ^^^^ source.ahk string.hotstring.ahk keyword.operator.ahk string.entity.name.function.hotstring.trigger.ahk
#      ^^ source.ahk string.hotstring.ahk keyword.operator.ahk
#        ^^^^^^^^^^ source.ahk string.hotstring.ahk
>::ts(::TypeScript()
#^^ source.ahk string.hotstring.ahk keyword.operator.ahk
#  ^^^ source.ahk string.hotstring.ahk keyword.operator.ahk string.entity.name.function.hotstring.trigger.ahk
#     ^^ source.ahk string.hotstring.ahk keyword.operator.ahk
#       ^^^^^^^^^^^^ source.ahk string.hotstring.ahk
>;   ^Avoid vscode automatic bracket matching, here if it is Str
#^ source.ahk comment.line.semicolon.ahk punctuation.definition.comment.ahk
# ^^^^^^^^^^^^^^^^^^^^^^^^^^^^^^^^^^^^^^^^^^^^^^^^^^^^^^^^^^^^^^ source.ahk comment.line.semicolon.ahk
>
>;;X-flag
#^ source.ahk comment.line.semicolon.ahk punctuation.definition.comment.ahk
# ^^^^^^^ source.ahk comment.line.semicolon.ahk
>; https://github.com/CoffeeChaton/vscode-autohotkey-NekoHelp/blob/main/CHANGELOG.md#00252023-02-26
#^ source.ahk comment.line.semicolon.ahk punctuation.definition.comment.ahk
# ^^^^^^^^^^^^^^^^^^^^^^^^^^^^^^^^^^^^^^^^^^^^^^^^^^^^^^^^^^^^^^^^^^^^^^^^^^^^^^^^^^^^^^^^^^^^^^^^^ source.ahk comment.line.semicolon.ahk
>
>;-----------
#^ source.ahk comment.line.semicolon.ahk punctuation.definition.comment.ahk
# ^^^^^^^^^^^ source.ahk comment.line.semicolon.ahk
>::case0,,::foo() ; "send foo()"
#^^ source.ahk string.hotstring.ahk keyword.operator.ahk
#  ^^^^^^^ source.ahk string.hotstring.ahk keyword.operator.ahk string.entity.name.function.hotstring.trigger.ahk
#         ^^ source.ahk string.hotstring.ahk keyword.operator.ahk
#           ^^^^^ source.ahk string.hotstring.ahk
#                ^ source.ahk string.hotstring.ahk comment.line.semicolon.ahk
#                 ^ source.ahk string.hotstring.ahk comment.line.semicolon.ahk punctuation.definition.comment.ahk
#                  ^^^^^^^^^^^^^ source.ahk string.hotstring.ahk comment.line.semicolon.ahk
>:X:case1,,::foo()  ; call foo() function
#^ source.ahk hotstring.x.flag.ahk keyword.operator.hotstring.x.flag.ahk
# ^ source.ahk hotstring.x.flag.ahk keyword.operator.hotstring.x.flag.ahk entity.name.function.hotstring.x.flag.ahk
#  ^ source.ahk hotstring.x.flag.ahk keyword.operator.hotstring.x.flag.ahk
#   ^^^^^^^ source.ahk hotstring.x.flag.ahk keyword.operator.hotstring.x.flag.ahk string.entity.name.function.hotstring.trigger.x.flag.ahk.ahk
#          ^^ source.ahk hotstring.x.flag.ahk keyword.operator.hotstring.x.flag.ahk
#            ^^^ source.ahk entity.name.function.ahk
#               ^ source.ahk punctuation.bracket.ahk
#                ^ source.ahk punctuation.bracket.ahk
#                 ^ source.ahk
#                  ^ source.ahk comment.line.semicolon.ahk
#                   ^ source.ahk comment.line.semicolon.ahk punctuation.definition.comment.ahk
#                    ^^^^^^^^^^^^^^^^^^^^ source.ahk comment.line.semicolon.ahk
>
>::case2,,::  ; call foo() function
#^^ source.ahk string.hotstring.ahk keyword.operator.ahk
#  ^^^^^^^ source.ahk string.hotstring.ahk keyword.operator.ahk string.entity.name.function.hotstring.trigger.ahk
#         ^^ source.ahk string.hotstring.ahk keyword.operator.ahk
#           ^ source.ahk string.hotstring.ahk
#            ^ source.ahk string.hotstring.ahk comment.line.semicolon.ahk
#             ^ source.ahk string.hotstring.ahk comment.line.semicolon.ahk punctuation.definition.comment.ahk
#              ^^^^^^^^^^^^^^^^^^^^ source.ahk string.hotstring.ahk comment.line.semicolon.ahk
>    foo()
#^^^^ source.ahk
#    ^^^ source.ahk entity.name.function.ahk
#       ^ source.ahk punctuation.bracket.ahk
#        ^ source.ahk punctuation.bracket.ahk
>Return
#^^^^^^ source.ahk keyword.control.flow.ahk
>
>foo() {
#^^^ source.ahk entity.name.function.ahk
#   ^ source.ahk punctuation.bracket.ahk
#    ^ source.ahk punctuation.bracket.ahk
#     ^ source.ahk
#      ^ source.ahk punctuation.bracket.ahk
>    MsgBox, % "i am foo"
#^^^^ source.ahk
#    ^^^^^^ source.ahk meta.command.line.ahk support.function.ahk
#          ^ source.ahk meta.command.line.ahk punctuation.ahk
#           ^ source.ahk meta.command.line.ahk
#            ^ source.ahk meta.command.line.ahk punctuation.definition.variable.percent.ahk
#             ^ source.ahk meta.command.line.ahk
#              ^ source.ahk meta.command.line.ahk string.quoted.double.ahk punctuation.definition.string.begin.ahk
#               ^^^^^^^^ source.ahk meta.command.line.ahk string.quoted.double.ahk
#                       ^ source.ahk meta.command.line.ahk string.quoted.double.ahk punctuation.definition.string.end.ahk
>}
#^ source.ahk punctuation.bracket.ahk
>;-----------
#^ source.ahk comment.line.semicolon.ahk punctuation.definition.comment.ahk
# ^^^^^^^^^^^ source.ahk comment.line.semicolon.ahk
>
>;-----------
#^ source.ahk comment.line.semicolon.ahk punctuation.definition.comment.ahk
# ^^^^^^^^^^^ source.ahk comment.line.semicolon.ahk
>name_copied := "XX"
#^^^^^^^^^^^^ source.ahk
#            ^^ source.ahk keyword.operator.assignment.ahk
#              ^ source.ahk
#               ^ source.ahk string.quoted.double.ahk punctuation.definition.string.begin.ahk
#                ^^ source.ahk string.quoted.double.ahk
#                  ^ source.ahk string.quoted.double.ahk punctuation.definition.string.end.ahk
>:X:name1,,::Send, % "name 1 is " name_copied
#^ source.ahk hotstring.x.flag.ahk keyword.operator.hotstring.x.flag.ahk
# ^ source.ahk hotstring.x.flag.ahk keyword.operator.hotstring.x.flag.ahk entity.name.function.hotstring.x.flag.ahk
#  ^ source.ahk hotstring.x.flag.ahk keyword.operator.hotstring.x.flag.ahk
#   ^^^^^^^ source.ahk hotstring.x.flag.ahk keyword.operator.hotstring.x.flag.ahk string.entity.name.function.hotstring.trigger.x.flag.ahk.ahk
#          ^^ source.ahk hotstring.x.flag.ahk keyword.operator.hotstring.x.flag.ahk
#            ^^^^ source.ahk meta.command.line.ahk support.function.ahk
#                ^ source.ahk meta.command.line.ahk punctuation.ahk
#                 ^ source.ahk meta.command.line.ahk
#                  ^ source.ahk meta.command.line.ahk punctuation.definition.variable.percent.ahk
#                   ^ source.ahk meta.command.line.ahk
#                    ^ source.ahk meta.command.line.ahk string.quoted.double.ahk punctuation.definition.string.begin.ahk
#                     ^^^^^^^^^^ source.ahk meta.command.line.ahk string.quoted.double.ahk
#                               ^ source.ahk meta.command.line.ahk string.quoted.double.ahk punctuation.definition.string.end.ahk
#                                ^^^^^^^^^^^^ source.ahk meta.command.line.ahk
>;                                 ^^^^^^^^^^^var
#^ source.ahk comment.line.semicolon.ahk punctuation.definition.comment.ahk
# ^^^^^^^^^^^^^^^^^^^^^^^^^^^^^^^^^^^^^^^^^^^^^^^ source.ahk comment.line.semicolon.ahk
>;          ^^^^Send key https://www.autohotkey.com/docs/v1/lib/Send.htm
#^ source.ahk comment.line.semicolon.ahk punctuation.definition.comment.ahk
# ^^^^^^^^^^^^^^^^^^^^^^^^^^^^^^^^^^^^^^^^^^^^^^^^^^^^^^^^^^^^^^^^^^^^^^ source.ahk comment.line.semicolon.ahk
>;^ X-flag https://www.autohotkey.com/docs/v1/Hotstrings.htm#Options
#^ source.ahk comment.line.semicolon.ahk punctuation.definition.comment.ahk
# ^^^^^^^^^^^^^^^^^^^^^^^^^^^^^^^^^^^^^^^^^^^^^^^^^^^^^^^^^^^^^^^^^^ source.ahk comment.line.semicolon.ahk
>
>;....
#^ source.ahk comment.line.semicolon.ahk punctuation.definition.comment.ahk
# ^^^^ source.ahk comment.line.semicolon.ahk
>name_copied := "XX"
#^^^^^^^^^^^^ source.ahk
#            ^^ source.ahk keyword.operator.assignment.ahk
#              ^ source.ahk
#               ^ source.ahk string.quoted.double.ahk punctuation.definition.string.begin.ahk
#                ^^ source.ahk string.quoted.double.ahk
#                  ^ source.ahk string.quoted.double.ahk punctuation.definition.string.end.ahk
>:XB0:name2,,::Send % "name 2 is " name_copied
#^ source.ahk hotstring.x.flag.ahk keyword.operator.hotstring.x.flag.ahk
# ^^^ source.ahk hotstring.x.flag.ahk keyword.operator.hotstring.x.flag.ahk entity.name.function.hotstring.x.flag.ahk
#    ^ source.ahk hotstring.x.flag.ahk keyword.operator.hotstring.x.flag.ahk
#     ^^^^^^^ source.ahk hotstring.x.flag.ahk keyword.operator.hotstring.x.flag.ahk string.entity.name.function.hotstring.trigger.x.flag.ahk.ahk
#            ^^ source.ahk hotstring.x.flag.ahk keyword.operator.hotstring.x.flag.ahk
#              ^^^^ source.ahk meta.command.line.ahk support.function.ahk
#                  ^ source.ahk meta.command.line.ahk
#                   ^ source.ahk meta.command.line.ahk punctuation.definition.variable.percent.ahk
#                    ^ source.ahk meta.command.line.ahk
#                     ^ source.ahk meta.command.line.ahk string.quoted.double.ahk punctuation.definition.string.begin.ahk
#                      ^^^^^^^^^^ source.ahk meta.command.line.ahk string.quoted.double.ahk
#                                ^ source.ahk meta.command.line.ahk string.quoted.double.ahk punctuation.definition.string.end.ahk
#                                 ^^^^^^^^^^^^ source.ahk meta.command.line.ahk
>:X B0:name3,,::Send % "name 3 is " name_copied
#^ source.ahk hotstring.x.flag.ahk keyword.operator.hotstring.x.flag.ahk
# ^^^^ source.ahk hotstring.x.flag.ahk keyword.operator.hotstring.x.flag.ahk entity.name.function.hotstring.x.flag.ahk
#     ^ source.ahk hotstring.x.flag.ahk keyword.operator.hotstring.x.flag.ahk
#      ^^^^^^^ source.ahk hotstring.x.flag.ahk keyword.operator.hotstring.x.flag.ahk string.entity.name.function.hotstring.trigger.x.flag.ahk.ahk
#             ^^ source.ahk hotstring.x.flag.ahk keyword.operator.hotstring.x.flag.ahk
#               ^^^^ source.ahk meta.command.line.ahk support.function.ahk
#                   ^ source.ahk meta.command.line.ahk
#                    ^ source.ahk meta.command.line.ahk punctuation.definition.variable.percent.ahk
#                     ^ source.ahk meta.command.line.ahk
#                      ^ source.ahk meta.command.line.ahk string.quoted.double.ahk punctuation.definition.string.begin.ahk
#                       ^^^^^^^^^^ source.ahk meta.command.line.ahk string.quoted.double.ahk
#                                 ^ source.ahk meta.command.line.ahk string.quoted.double.ahk punctuation.definition.string.end.ahk
#                                  ^^^^^^^^^^^^ source.ahk meta.command.line.ahk
>; ^ has space does not affect.
#^ source.ahk comment.line.semicolon.ahk punctuation.definition.comment.ahk
# ^^^^^^^^^^^^^^^^^^^^^^^^^^^^^ source.ahk comment.line.semicolon.ahk
>:B0X:name1,,::Send % "name 4 is " name_copied
#^ source.ahk hotstring.x.flag.ahk keyword.operator.hotstring.x.flag.ahk
# ^^^ source.ahk hotstring.x.flag.ahk keyword.operator.hotstring.x.flag.ahk entity.name.function.hotstring.x.flag.ahk
#    ^ source.ahk hotstring.x.flag.ahk keyword.operator.hotstring.x.flag.ahk
#     ^^^^^^^ source.ahk hotstring.x.flag.ahk keyword.operator.hotstring.x.flag.ahk string.entity.name.function.hotstring.trigger.x.flag.ahk.ahk
#            ^^ source.ahk hotstring.x.flag.ahk keyword.operator.hotstring.x.flag.ahk
#              ^^^^ source.ahk meta.command.line.ahk support.function.ahk
#                  ^ source.ahk meta.command.line.ahk
#                   ^ source.ahk meta.command.line.ahk punctuation.definition.variable.percent.ahk
#                    ^ source.ahk meta.command.line.ahk
#                     ^ source.ahk meta.command.line.ahk string.quoted.double.ahk punctuation.definition.string.begin.ahk
#                      ^^^^^^^^^^ source.ahk meta.command.line.ahk string.quoted.double.ahk
#                                ^ source.ahk meta.command.line.ahk string.quoted.double.ahk punctuation.definition.string.end.ahk
#                                 ^^^^^^^^^^^^ source.ahk meta.command.line.ahk
>;-----------
#^ source.ahk comment.line.semicolon.ahk punctuation.definition.comment.ahk
# ^^^^^^^^^^^ source.ahk comment.line.semicolon.ahk
>
>~F12::Reload
#^^^^ source.ahk hotkey.ahk string.entity.name.function.label.hotkey.ahk
#    ^^ source.ahk hotkey.ahk punctuation.definition.equals.colon.ahk
#      ^^^^^^ source.ahk keyword.control.flow.ahk
>
>